Level 19->20

bandit19@bandit:~$ ls
bandit20-do
bandit19@bandit:~$ ./bandit20-do
Run a command as another user.
  Example: ./bandit20-do id
bandit19@bandit:~$ ./bandit20-do 1
env: ‘1’: No such file or directory
bandit19@bandit:~$ ./bandit20-do id
uid=11019(bandit19) gid=11019(bandit19) euid=11020(bandit20) groups=11019(bandit19)
bandit19@bandit:~$ whoami
bandit19
bandit19@bandit:~$ ./bandit20-do bandit20
env: ‘bandit20’: No such file or directory
bandit19@bandit:~$ ./bandit20-do bandit19
env: ‘bandit19’: No such file or directory
bandit19@bandit:~$ ./bandit20-do 11020
env: ‘11020’: No such file or directory
bandit19@bandit:~$ ./bandit20-do id
uid=11019(bandit19) gid=11019(bandit19) euid=11020(bandit20) groups=11019(bandit19)
bandit19@bandit:~$ ./bandit20-do whoami
bandit20
bandit19@bandit:~$ ./bandit20-do cat /etc/bandit_pass/bandit20
GbKksEFF4yrVs6il55v6gwY5aVje5f0j

